/home/joe/code/futon6/data/frontiermath-pilot/FM-001b-ip-encoding.py:2: SyntaxWarning: invalid escape sequence '\{'
  """FM-001b: IP encoding for 2-block-circulant Ramsey witness on Z_q.
Welcome to the CBC MILP Solver 
Version: 2.10.3 
Build Date: Dec 15 2019 

command line - /home/joe/code/futon3c/.venv/lib/python3.12/site-packages/pulp/apis/../solverdir/cbc/linux/i64/cbc /tmp/d884793ac21d45ad8c7ed7cb031e2202-pulp.mps -sec 3600 -timeMode elapsed -branch -printingOptions all -solution /tmp/d884793ac21d45ad8c7ed7cb031e2202-pulp.sol (default strategy 1)
At line 2 NAME          MODEL
At line 3 ROWS
At line 8687 COLUMNS
At line 37913 RHS
At line 46596 BOUNDS
At line 49499 ENDATA
Problem MODEL has 8682 rows, 2902 columns and 23422 elements
Coin0008I MODEL read with 0 errors
seconds was changed from 1e+100 to 3600
Option for timeMode changed from cpu to elapsed
Continuous objective value is 0 - 0.08 seconds
Cgl0003I 0 fixed, 0 tightened bounds, 3199 strengthened rows, 9294 substitutions
Cgl0003I 0 fixed, 0 tightened bounds, 1444 strengthened rows, 2998 substitutions
Cgl0003I 0 fixed, 0 tightened bounds, 273 strengthened rows, 0 substitutions
Cgl0004I processed model has 1357 rows, 606 columns (606 integer (606 of which binary)) and 5485 elements
Cbc0045I No integer variables out of 606 objects (606 integer) have costs
Cbc0045I branch on satisfied N create fake objective Y random cost Y
Cbc0038I Initial state - 285 integers unsatisfied sum - 59.0854
Cbc0038I Pass   1: suminf.   10.50000 (21) obj. 0 iterations 94
Cbc0038I Pass   2: suminf.   10.50000 (21) obj. 0 iterations 25
Cbc0038I Pass   3: suminf.   10.50000 (21) obj. 0 iterations 6
Cbc0038I Pass   4: suminf.   10.50000 (21) obj. 0 iterations 31
Cbc0038I Pass   5: suminf.   10.50000 (21) obj. 0 iterations 25
Cbc0038I Pass   6: suminf.   53.00000 (106) obj. 0 iterations 191
Cbc0038I Pass   7: suminf.   22.00000 (44) obj. 0 iterations 177
Cbc0038I Pass   8: suminf.   21.00000 (42) obj. 0 iterations 23
Cbc0038I Pass   9: suminf.   20.00000 (40) obj. 0 iterations 47
Cbc0038I Pass  10: suminf.   16.50000 (33) obj. 0 iterations 54
Cbc0038I Pass  11: suminf.   15.50000 (31) obj. 0 iterations 38
Cbc0038I Pass  12: suminf.   13.50000 (27) obj. 0 iterations 33
Cbc0038I Pass  13: suminf.   12.50000 (25) obj. 0 iterations 26
Cbc0038I Pass  14: suminf.   12.50000 (25) obj. 0 iterations 16
Cbc0038I Pass  15: suminf.   11.50000 (23) obj. 0 iterations 34
Cbc0038I Pass  16: suminf.   11.50000 (23) obj. 0 iterations 33
Cbc0038I Pass  17: suminf.   10.50000 (21) obj. 0 iterations 39
Cbc0038I Pass  18: suminf.   10.50000 (21) obj. 0 iterations 26
Cbc0038I Pass  19: suminf.   10.50000 (21) obj. 0 iterations 32
Cbc0038I Pass  20: suminf.   10.50000 (21) obj. 0 iterations 14
Cbc0038I Pass  21: suminf.   10.50000 (21) obj. 0 iterations 24
Cbc0038I Pass  22: suminf.   10.50000 (21) obj. 0 iterations 30
Cbc0038I Pass  23: suminf.   10.50000 (21) obj. 0 iterations 32
Cbc0038I Pass  24: suminf.   10.50000 (21) obj. 0 iterations 31
Cbc0038I Pass  25: suminf.   10.50000 (21) obj. 0 iterations 24
Cbc0038I Pass  26: suminf.   10.50000 (21) obj. 0 iterations 12
Cbc0038I Pass  27: suminf.   10.50000 (21) obj. 0 iterations 14
Cbc0038I Pass  28: suminf.   10.50000 (21) obj. 0 iterations 22
Cbc0038I Pass  29: suminf.   10.50000 (21) obj. 0 iterations 10
Cbc0038I Pass  30: suminf.   10.50000 (21) obj. 0 iterations 33
Cbc0038I Pass  31: suminf.   10.50000 (21) obj. 0 iterations 26
Cbc0038I Pass  32: suminf.   54.50000 (109) obj. 0 iterations 211
Cbc0038I Pass  33: suminf.   18.50000 (37) obj. 0 iterations 176
Cbc0038I Pass  34: suminf.   12.50000 (25) obj. 0 iterations 32
Cbc0038I Pass  35: suminf.   11.50000 (23) obj. 0 iterations 27
Cbc0038I Pass  36: suminf.   11.50000 (23) obj. 0 iterations 17
Cbc0038I Pass  37: suminf.   10.50000 (21) obj. 0 iterations 21
Cbc0038I Pass  38: suminf.   10.50000 (21) obj. 0 iterations 26
Cbc0038I Pass  39: suminf.   10.50000 (21) obj. 0 iterations 32
Cbc0038I Pass  40: suminf.   10.50000 (21) obj. 0 iterations 35
Cbc0038I Pass  41: suminf.   10.50000 (21) obj. 0 iterations 18
Cbc0038I Pass  42: suminf.   10.50000 (21) obj. 0 iterations 19
Cbc0038I Pass  43: suminf.   10.50000 (21) obj. 0 iterations 21
Cbc0038I Pass  44: suminf.   10.50000 (21) obj. 0 iterations 17
Cbc0038I Pass  45: suminf.   10.50000 (21) obj. 0 iterations 27
Cbc0038I Pass  46: suminf.   10.50000 (21) obj. 0 iterations 32
Cbc0038I Pass  47: suminf.   64.00000 (128) obj. 0 iterations 201
Cbc0038I Pass  48: suminf.   16.50000 (33) obj. 0 iterations 181
Cbc0038I Pass  49: suminf.   14.50000 (29) obj. 0 iterations 40
Cbc0038I Pass  50: suminf.   14.50000 (29) obj. 0 iterations 13
Cbc0038I Pass  51: suminf.   11.50000 (23) obj. 0 iterations 39
Cbc0038I Pass  52: suminf.   11.50000 (23) obj. 0 iterations 31
Cbc0038I Pass  53: suminf.   11.50000 (23) obj. 0 iterations 12
Cbc0038I Pass  54: suminf.   11.00000 (22) obj. 0 iterations 16
Cbc0038I Pass  55: suminf.   11.00000 (22) obj. 0 iterations 17
Cbc0038I Pass  56: suminf.   11.00000 (22) obj. 0 iterations 9
Cbc0038I Pass  57: suminf.   10.50000 (21) obj. 0 iterations 27
Cbc0038I Pass  58: suminf.   10.50000 (21) obj. 0 iterations 43
Cbc0038I Pass  59: suminf.   10.50000 (21) obj. 0 iterations 23
Cbc0038I Pass  60: suminf.   10.50000 (21) obj. 0 iterations 21
Cbc0038I Pass  61: suminf.   10.50000 (21) obj. 0 iterations 28
Cbc0038I Pass  62: suminf.   10.50000 (21) obj. 0 iterations 32
Cbc0038I Pass  63: suminf.   10.50000 (21) obj. 0 iterations 14
Cbc0038I Pass  64: suminf.   10.50000 (21) obj. 0 iterations 16
Cbc0038I Pass  65: suminf.   10.50000 (21) obj. 0 iterations 33
Cbc0038I Pass  66: suminf.   63.50000 (127) obj. 0 iterations 190
Cbc0038I Pass  67: suminf.   14.00000 (28) obj. 0 iterations 178
Cbc0038I Pass  68: suminf.   14.00000 (28) obj. 0 iterations 34
Cbc0038I Pass  69: suminf.   13.00000 (26) obj. 0 iterations 31
Cbc0038I Pass  70: suminf.   13.00000 (26) obj. 0 iterations 40
Cbc0038I Pass  71: suminf.   13.00000 (26) obj. 0 iterations 24
Cbc0038I Pass  72: suminf.   12.50000 (25) obj. 0 iterations 21
Cbc0038I Pass  73: suminf.   12.50000 (25) obj. 0 iterations 18
Cbc0038I Pass  74: suminf.   12.50000 (25) obj. 0 iterations 22
Cbc0038I Pass  75: suminf.   12.50000 (25) obj. 0 iterations 17
Cbc0038I Pass  76: suminf.   11.50000 (23) obj. 0 iterations 26
Cbc0038I Pass  77: suminf.   11.50000 (23) obj. 0 iterations 32
Cbc0038I Pass  78: suminf.   11.50000 (23) obj. 0 iterations 12
Cbc0038I Pass  79: suminf.   11.50000 (23) obj. 0 iterations 8
Cbc0038I Pass  80: suminf.   65.00000 (130) obj. 0 iterations 238
Cbc0038I Pass  81: suminf.   18.00000 (36) obj. 0 iterations 187
Cbc0038I Pass  82: suminf.   14.00000 (28) obj. 0 iterations 45
Cbc0038I Pass  83: suminf.   12.00000 (24) obj. 0 iterations 34
Cbc0038I Pass  84: suminf.   11.50000 (23) obj. 0 iterations 33
Cbc0038I Pass  85: suminf.   11.50000 (23) obj. 0 iterations 17
Cbc0038I Pass  86: suminf.   11.50000 (23) obj. 0 iterations 25
Cbc0038I Pass  87: suminf.   10.50000 (21) obj. 0 iterations 34
Cbc0038I Pass  88: suminf.   10.50000 (21) obj. 0 iterations 50
Cbc0038I Pass  89: suminf.   10.50000 (21) obj. 0 iterations 33
Cbc0038I Pass  90: suminf.   10.50000 (21) obj. 0 iterations 21
Cbc0038I Pass  91: suminf.   10.50000 (21) obj. 0 iterations 13
Cbc0038I Pass  92: suminf.   10.50000 (21) obj. 0 iterations 30
Cbc0038I Pass  93: suminf.   10.50000 (21) obj. 0 iterations 32
Cbc0038I Pass  94: suminf.   10.50000 (21) obj. 0 iterations 25
Cbc0038I Pass  95: suminf.   10.50000 (21) obj. 0 iterations 15
Cbc0038I Pass  96: suminf.   10.50000 (21) obj. 0 iterations 23
Cbc0038I Pass  97: suminf.   10.50000 (21) obj. 0 iterations 35
Cbc0038I Pass  98: suminf.   10.50000 (21) obj. 0 iterations 31
Cbc0038I Pass  99: suminf.   10.50000 (21) obj. 0 iterations 45
Cbc0038I Pass 100: suminf.   55.00000 (110) obj. 0 iterations 201
Cbc0038I No solution found this major pass
Cbc0038I Before mini branch and bound, 184 integers at bound fixed and 0 continuous
Cbc0038I Full problem 1357 rows 606 columns, reduced to 1241 rows 422 columns - too large
Cbc0038I Mini branch and bound did not improve solution (0.62 seconds)
Cbc0038I After 0.64 seconds - Feasibility pump exiting - took 0.27 seconds
Cbc0031I 142 added rows had average density of 7.8098592
Cbc0013I At root node, 142 cuts changed objective from 0 to 0 in 10 passes
Cbc0014I Cut generator 0 (Probing) - 0 row cuts average 0.0 elements, 0 column cuts (0 active)  in 0.051 seconds - new frequency is -100
Cbc0014I Cut generator 1 (Gomory) - 256 row cuts average 84.6 elements, 0 column cuts (0 active)  in 0.026 seconds - new frequency is -100
Cbc0014I Cut generator 2 (Knapsack) - 0 row cuts average 0.0 elements, 0 column cuts (0 active)  in 0.004 seconds - new frequency is -100
Cbc0014I Cut generator 3 (Clique) - 0 row cuts average 0.0 elements, 0 column cuts (0 active)  in 0.005 seconds - new frequency is -100
Cbc0014I Cut generator 4 (MixedIntegerRounding2) - 21 row cuts average 17.0 elements, 0 column cuts (0 active)  in 0.006 seconds - new frequency is -100
Cbc0014I Cut generator 5 (FlowCover) - 0 row cuts average 0.0 elements, 0 column cuts (0 active)  in 0.001 seconds - new frequency is -100
Cbc0014I Cut generator 6 (TwoMirCuts) - 117 row cuts average 45.3 elements, 0 column cuts (0 active)  in 0.036 seconds - new frequency is -100
Cbc0014I Cut generator 7 (ZeroHalf) - 226 row cuts average 5.7 elements, 0 column cuts (0 active)  in 0.065 seconds - new frequency is -100
Cbc0010I After 0 nodes, 1 on tree, 1e+50 best solution, best possible 0 (1.15 seconds)
Cbc0010I After 1000 nodes, 12 on tree, 1e+50 best solution, best possible 0 (8.61 seconds)
Cbc0010I After 2000 nodes, 19 on tree, 1e+50 best solution, best possible 0 (12.37 seconds)
Cbc0010I After 3000 nodes, 17 on tree, 1e+50 best solution, best possible 0 (15.04 seconds)
Cbc0010I After 4000 nodes, 20 on tree, 1e+50 best solution, best possible 0 (17.66 seconds)
Cbc0010I After 5000 nodes, 20 on tree, 1e+50 best solution, best possible 0 (20.05 seconds)
Cbc0010I After 6000 nodes, 26 on tree, 1e+50 best solution, best possible 0 (22.82 seconds)
Cbc0010I After 7000 nodes, 25 on tree, 1e+50 best solution, best possible 0 (25.96 seconds)
Cbc0010I After 8000 nodes, 25 on tree, 1e+50 best solution, best possible 0 (29.17 seconds)
Cbc0010I After 9000 nodes, 23 on tree, 1e+50 best solution, best possible 0 (31.83 seconds)
Cbc0010I After 10000 nodes, 29 on tree, 1e+50 best solution, best possible 0 (35.84 seconds)
Cbc0010I After 11000 nodes, 28 on tree, 1e+50 best solution, best possible 0 (39.47 seconds)
Cbc0010I After 12000 nodes, 22 on tree, 1e+50 best solution, best possible 0 (43.30 seconds)
Cbc0010I After 13000 nodes, 6 on tree, 1e+50 best solution, best possible 0 (46.34 seconds)
Cbc0010I After 14000 nodes, 4 on tree, 1e+50 best solution, best possible 0 (49.38 seconds)
Cbc0010I After 15000 nodes, 7 on tree, 1e+50 best solution, best possible 0 (54.09 seconds)
Cbc0010I After 16000 nodes, 3 on tree, 1e+50 best solution, best possible 0 (59.02 seconds)
Cbc0010I After 17000 nodes, 3 on tree, 1e+50 best solution, best possible 0 (63.67 seconds)
Cbc0010I After 18000 nodes, 5 on tree, 1e+50 best solution, best possible 0 (67.11 seconds)
Cbc0001I Search completed - best objective 1e+50, took 445214 iterations and 18384 nodes (68.64 seconds)
Cbc0032I Strong branching done 19014 times (324240 iterations), fathomed 1219 nodes and fixed 1170 variables
Cbc0035I Maximum depth 22, 0 variables fixed on reduced cost
Cuts at root node changed objective from 0 to 0
Probing was tried 10 times and created 0 cuts of which 0 were active after adding rounds of cuts (0.051 seconds)
Gomory was tried 10 times and created 256 cuts of which 0 were active after adding rounds of cuts (0.026 seconds)
Knapsack was tried 10 times and created 0 cuts of which 0 were active after adding rounds of cuts (0.004 seconds)
Clique was tried 10 times and created 0 cuts of which 0 were active after adding rounds of cuts (0.005 seconds)
MixedIntegerRounding2 was tried 10 times and created 21 cuts of which 0 were active after adding rounds of cuts (0.006 seconds)
FlowCover was tried 10 times and created 0 cuts of which 0 were active after adding rounds of cuts (0.001 seconds)
TwoMirCuts was tried 10 times and created 117 cuts of which 0 were active after adding rounds of cuts (0.036 seconds)
ZeroHalf was tried 10 times and created 226 cuts of which 0 were active after adding rounds of cuts (0.065 seconds)

Result - Problem proven infeasible

No feasible solution found
Enumerated nodes:               18384
Total iterations:               445214
Time (CPU seconds):             67.81
Time (Wallclock seconds):       68.64

Option for printingOptions changed from normal to all
Total time (CPU seconds):       67.82   (Wallclock seconds):       68.66

FM-001b: Searching for R(B_{10}, B_{11}) >= 43 witness
2-block-circulant on Z_{21} with complement ansatz

n=11, q=21, vertices=2q=42
Need: G-edge CN < 10, complement CN < 11
Building constraints... (1764 product variables approx)
Variables: 2901
Constraints: 8682
Solving...
Status: Infeasible
No solution found within time limit.
